[wizixo.webestica.com/index.html]
[backblue.gif]
[fade.gif]
[index.html]
[wizixo.webestica.com/assets/images/favicon.ico]
[wizixo.webestica.com/assets/vendor/font-awesome/css/all.min.css]
[wizixo.webestica.com/assets/vendor/themify-icons/css/themify-icons.css]
[wizixo.webestica.com/assets/vendor/animate/animate.min.css]
[wizixo.webestica.com/assets/vendor/glightbox/css/glightbox.css]
[wizixo.webestica.com/assets/vendor/tiny-slider/tiny-slider.css]
[wizixo.webestica.com/assets/vendor/aos/aos.css]
[wizixo.webestica.com/assets/css/style.css]
[wizixo.webestica.com/assets/images/preloader.svg]
[wizixo.webestica.com/assets/images/flags/uk.svg]
[wizixo.webestica.com/assets/images/flags/sp.svg]
[wizixo.webestica.com/assets/images/flags/fr.svg]
[wizixo.webestica.com/assets/images/flags/gr.svg]
[wizixo.webestica.com/sign-in.html]
[wizixo.webestica.com/sign-up.html]
[wizixo.webestica.com/contact.html]
[wizixo.webestica.com/assets/images/logo.svg]
[wizixo.webestica.com/index-2.html]
[wizixo.webestica.com/index-3.html]
[wizixo.webestica.com/index-4.html]
[wizixo.webestica.com/index-5.html]
[wizixo.webestica.com/index-6.html]
[wizixo.webestica.com/index-7.html]
[wizixo.webestica.com/index-8.html]
[wizixo.webestica.com/index-9.html]
[wizixo.webestica.com/index-10.html]
[wizixo.webestica.com/blog-classic.html]
[wizixo.webestica.com/blog-classic-left-sidebar.html]
[wizixo.webestica.com/documentation/index.html]
[wizixo.webestica.com/blog-classic-right-sidebar.html]
[wizixo.webestica.com/blog-grid-column-3.html]
[wizixo.webestica.com/blog-grid-column-4.html]
[wizixo.webestica.com/blog-grid-left-sidebar.html]
[wizixo.webestica.com/blog-grid-right-sidebar.html]
[wizixo.webestica.com/blog-minimal.html]
[wizixo.webestica.com/blog-single-classic.html]
[wizixo.webestica.com/blog-single-minimal.html]
[wizixo.webestica.com/about-classic.html]
[wizixo.webestica.com/about-advance.html]
[wizixo.webestica.com/service.html]
[wizixo.webestica.com/team.html]
[wizixo.webestica.com/careers.html]
[wizixo.webestica.com/careers-single.html]
[wizixo.webestica.com/password-recovery.html]
[wizixo.webestica.com/pricing.html]
[wizixo.webestica.com/timeline.html]
[wizixo.webestica.com/faq.html]
[wizixo.webestica.com/maintenance-mode.html]
[wizixo.webestica.com/error-404.html]
[wizixo.webestica.com/portfolio-grid-column-2.html]
[wizixo.webestica.com/portfolio-grid-column-3.html]
[wizixo.webestica.com/portfolio-grid-column-4.html]
[wizixo.webestica.com/portfolio-grid-column-5.html]
[wizixo.webestica.com/portfolio-grid-column-6.html]
[wizixo.webestica.com/portfolio-single.html]
[wizixo.webestica.com/portfolio-single-02.html]
[wizixo.webestica.com/portfolio-case-studies.html]
[wizixo.webestica.com/elements-accordion.html]
[wizixo.webestica.com/elements-action-box.html]
[wizixo.webestica.com/elements-alerts.html]
[wizixo.webestica.com/elements-animated-headlines.html]
[wizixo.webestica.com/elements-blockquote.html]
[wizixo.webestica.com/elements-buttons.html]
[wizixo.webestica.com/elements-clients.html]
[wizixo.webestica.com/elements-counter.html]
[wizixo.webestica.com/elements-divider.html]
[wizixo.webestica.com/elements-feature-box.html]
[wizixo.webestica.com/elements-forms.html]
[wizixo.webestica.com/elements-grid.html]
[wizixo.webestica.com/elements-list-styles.html]
[wizixo.webestica.com/elements-map.html]
[wizixo.webestica.com/elements-modal.html]
[wizixo.webestica.com/elements-skill.html]
[wizixo.webestica.com/elements-social-icon.html]
[wizixo.webestica.com/elements-tab.html]
[wizixo.webestica.com/elements-table.html]
[wizixo.webestica.com/elements-team.html]
[wizixo.webestica.com/elements-tiny-slider.html]
[wizixo.webestica.com/elements-typography.html]
[wizixo.webestica.com/elements-video.html]
[wizixo.webestica.com/assets/images/banner/05.jpg]
[wizixo.webestica.com/assets/images/banner/02.jpg]
[wizixo.webestica.com/assets/images/service/01.jpg]
[wizixo.webestica.com/assets/images/service/02.jpg]
[wizixo.webestica.com/assets/images/service/03.jpg]
[wizixo.webestica.com/assets/images/bg/05.jpg]
[wizixo.webestica.com/assets/images/portfolio/01.jpg]
[wizixo.webestica.com/assets/images/portfolio/02.jpg]
[wizixo.webestica.com/assets/images/portfolio/03.jpg]
[wizixo.webestica.com/assets/images/portfolio/04.jpg]
[wizixo.webestica.com/assets/images/portfolio/05.jpg]
[wizixo.webestica.com/assets/images/portfolio/06.jpg]
[wizixo.webestica.com/assets/images/clients/01.png]
[wizixo.webestica.com/assets/images/clients/02.png]
[wizixo.webestica.com/assets/images/clients/03.png]
[wizixo.webestica.com/assets/images/clients/04.png]
[wizixo.webestica.com/assets/images/clients/05.png]
[wizixo.webestica.com/assets/images/clients/06.png]
[wizixo.webestica.com/assets/images/clients/07.png]
[wizixo.webestica.com/assets/images/clients/08.png]
[wizixo.webestica.com/assets/images/thumbnails/avatar-01.jpg]
[wizixo.webestica.com/assets/images/bg/small/02.jpg]
[wizixo.webestica.com/assets/images/thumbnails/avatar-03.jpg]
[wizixo.webestica.com/assets/images/bg/small/01.jpg]
[wizixo.webestica.com/assets/images/world-map.png]
[wizixo.webestica.com/assets/vendor/bootstrap/dist/js/bootstrap.bundle.min.js]
[wizixo.webestica.com/assets/vendor/aos/aos.js]
[wizixo.webestica.com/assets/vendor/glightbox/js/glightbox.js]
[wizixo.webestica.com/assets/vendor/tiny-slider/tiny-slider.js]
[wizixo.webestica.com/assets/js/functions.js]
[wizixo.webestica.com/index.html]
[wizixo.webestica.com/assets/vendor/font-awesome/webfonts/fa-brands-400.eot]
[wizixo.webestica.com/assets/vendor/font-awesome/webfonts/fa-brands-400d41d.eot]
[wizixo.webestica.com/assets/vendor/font-awesome/webfonts/fa-brands-400.woff2]
[wizixo.webestica.com/assets/vendor/font-awesome/webfonts/fa-brands-400.woff]
[wizixo.webestica.com/assets/vendor/font-awesome/webfonts/fa-brands-400.ttf]
[wizixo.webestica.com/assets/vendor/font-awesome/webfonts/fa-brands-400.svg]
[wizixo.webestica.com/assets/vendor/font-awesome/webfonts/fa-regular-400.eot]
[wizixo.webestica.com/assets/vendor/font-awesome/webfonts/fa-regular-400d41d.eot]
[wizixo.webestica.com/assets/vendor/font-awesome/webfonts/fa-regular-400.woff2]
[wizixo.webestica.com/assets/vendor/font-awesome/webfonts/fa-regular-400.woff]
[wizixo.webestica.com/assets/vendor/font-awesome/webfonts/fa-regular-400.ttf]
[wizixo.webestica.com/assets/vendor/font-awesome/webfonts/fa-regular-400.svg]
[wizixo.webestica.com/assets/vendor/font-awesome/webfonts/fa-solid-900.eot]
[wizixo.webestica.com/assets/vendor/font-awesome/webfonts/fa-solid-900d41d.eot]
[wizixo.webestica.com/assets/vendor/font-awesome/webfonts/fa-solid-900.woff2]
[wizixo.webestica.com/assets/vendor/font-awesome/webfonts/fa-solid-900.woff]
[wizixo.webestica.com/assets/vendor/font-awesome/webfonts/fa-solid-900.ttf]
[wizixo.webestica.com/assets/vendor/font-awesome/css/all.min.css]
[wizixo.webestica.com/assets/vendor/font-awesome/webfonts/fa-solid-900.svg]
[wizixo.webestica.com/assets/vendor/themify-icons/fonts/themify9f24.eot]
[wizixo.webestica.com/assets/vendor/themify-icons/fonts/themifyd41d.eot]
[wizixo.webestica.com/assets/vendor/themify-icons/fonts/themify9f24.woff]
[wizixo.webestica.com/assets/vendor/themify-icons/fonts/themify9f24.ttf]
[wizixo.webestica.com/assets/vendor/themify-icons/css/themify-icons.css]
[wizixo.webestica.com/assets/vendor/animate/animate.min.css]
[wizixo.webestica.com/assets/vendor/glightbox/css/glightbox.css]
[wizixo.webestica.com/assets/vendor/tiny-slider/tiny-slider.css]
[wizixo.webestica.com/assets/vendor/aos/aos.css]
[wizixo.webestica.com/assets/vendor/themify-icons/fonts/themify9f24.svg]
[wizixo.webestica.com/index-11.html]
[wizixo.webestica.com/assets/images/bg/pattern/01.png]
[wizixo.webestica.com/assets/images/bg/pattern/01-dark.png]
[wizixo.webestica.com/assets/images/bg/pattern/02.png]
[wizixo.webestica.com/assets/images/bg/pattern/03.png]
[wizixo.webestica.com/assets/images/bg/pattern/04.png]
[wizixo.webestica.com/assets/css/style.css]
[wizixo.webestica.com/assets/images/preloader.svg]
[wizixo.webestica.com/assets/images/flags/uk.svg]
[wizixo.webestica.com/assets/images/flags/sp.svg]
[wizixo.webestica.com/assets/images/flags/fr.svg]
[wizixo.webestica.com/assets/images/flags/gr.svg]
[wizixo.webestica.com/sign-in.html]
[wizixo.webestica.com/sign-up.html]
[wizixo.webestica.com/assets/images/bg/04.jpg]
[wizixo.webestica.com/contact.html]
[wizixo.webestica.com/assets/images/logo.svg]
[wizixo.webestica.com/assets/images/logo-white.svg]
[wizixo.webestica.com/assets/images/banner/10.jpg]
[wizixo.webestica.com/assets/images/service/09.jpg]
[wizixo.webestica.com/assets/images/mockups/signature.png]
[wizixo.webestica.com/assets/images/portfolio/11.jpg]
[wizixo.webestica.com/assets/images/portfolio/12.jpg]
[wizixo.webestica.com/index-2.html]
[wizixo.webestica.com/assets/vendor/purecounterjs/dist/purecounter_vanilla.js]
[wizixo.webestica.com/assets/images/bg/07.jpg]
[wizixo.webestica.com/assets/images/bg/06.jpg]
[wizixo.webestica.com/assets/images/team/01.jpg]
[wizixo.webestica.com/assets/images/team/02.jpg]
[wizixo.webestica.com/assets/images/team/03.jpg]
[wizixo.webestica.com/assets/images/team/04.jpg]
[wizixo.webestica.com/index-3.html]
[wizixo.webestica.com/assets/images/service/10.jpg]
[wizixo.webestica.com/assets/images/portfolio/07.jpg]
[wizixo.webestica.com/assets/images/portfolio/08.jpg]
[wizixo.webestica.com/assets/images/portfolio/09.jpg]
[wizixo.webestica.com/assets/images/portfolio/10.jpg]
[wizixo.webestica.com/assets/images/banner/04.jpg]
[wizixo.webestica.com/assets/vendor/isotope/isotope.pkgd.min.js]
[wizixo.webestica.com/assets/vendor/imagesLoaded/imagesloaded.js]
[wizixo.webestica.com/index-4.html]
[wizixo.webestica.com/assets/vendor/ityped/index.js]
[wizixo.webestica.com/assets/images/blog/01.jpg]
[wizixo.webestica.com/assets/images/blog/03.jpg]
[wizixo.webestica.com/assets/images/thumbnails/avatar-02.jpg]
[wizixo.webestica.com/index-5.html]
[wizixo.webestica.com/assets/images/banner/03.jpg]
[wizixo.webestica.com/assets/images/service/04.jpg]
[wizixo.webestica.com/assets/images/service/06.jpg]
[wizixo.webestica.com/assets/images/blog/02.jpg]
[wizixo.webestica.com/assets/images/blog/04.jpg]
[wizixo.webestica.com/assets/vendor/jarallax/jarallax.min.js]
[wizixo.webestica.com/index-6.html]
[wizixo.webestica.com/assets/images/banner/08.jpg]
[wizixo.webestica.com/assets/images/icons/check-mark.svg]
[wizixo.webestica.com/assets/images/icons/editor.svg]
[wizixo.webestica.com/assets/images/icons/envelope.svg]
[wizixo.webestica.com/assets/images/mockups/fly-screen.png]
[wizixo.webestica.com/index-7.html]
[wizixo.webestica.com/assets/images/icons/edit.svg]
[wizixo.webestica.com/assets/images/clients/09.png]
[wizixo.webestica.com/assets/images/clients/10.png]
[wizixo.webestica.com/assets/images/clients/11.png]
[wizixo.webestica.com/assets/images/clients/12.png]
[wizixo.webestica.com/assets/images/clients/13.png]
[wizixo.webestica.com/assets/images/clients/14.png]
[wizixo.webestica.com/assets/images/clients/15.png]
[wizixo.webestica.com/assets/images/clients/16.png]
[wizixo.webestica.com/assets/images/clients/17.png]
[wizixo.webestica.com/assets/images/blog/05.jpg]
[wizixo.webestica.com/index-8.html]
[wizixo.webestica.com/assets/images/banner/06.jpg]
[wizixo.webestica.com/assets/images/banner/07.jpg]
[wizixo.webestica.com/assets/images/mockups/01.png]
[wizixo.webestica.com/assets/images/mockups/02.png]
[wizixo.webestica.com/index-9.html]
[wizixo.webestica.com/assets/images/banner/portfolio-bg.jpg]
[wizixo.webestica.com/assets/images/thumbnails/avatar-04.jpg]
[wizixo.webestica.com/index-10.html]
[wizixo.webestica.com/documentation/assets/favicon.ico]
[use.fontawesome.com/releases/v5.1.1/js/all.js]
[wizixo.webestica.com/documentation/assets/css/bootstrap.min.css]
[wizixo.webestica.com/documentation/assets/css/prism.css]
[wizixo.webestica.com/documentation/assets/css/styles.css]
[wizixo.webestica.com/documentation/index-2.html]
[wizixo.webestica.com/documentation/assets/logo-light.png]
[wizixo.webestica.com/documentation/assets/images/gulp_install_step1.png]
[wizixo.webestica.com/documentation/assets/images/gulp_install_step2.png]
[wizixo.webestica.com/documentation/assets/images/files_after_gulp_install.png]
[wizixo.webestica.com/documentation/assets/images/how_to_run_gulp.png]
[wizixo.webestica.com/template/elements-tiny-slider.html]
[wizixo.webestica.com/documentation/assets/js/bootstrap.bundle.min.js]
[wizixo.webestica.com/documentation/assets/js/jquery-3.3.1.min.js]
[wizixo.webestica.com/documentation/assets/js/jquery.scrollTo.min.js]
[wizixo.webestica.com/documentation/assets/js/stickyfill.min.js]
[wizixo.webestica.com/documentation/assets/js/prism.js]
[wizixo.webestica.com/documentation/assets/js/main.js]
[wizixo.webestica.com/documentation/index.html]
[wizixo.webestica.com/assets/images/blog/big/01.jpg]
[wizixo.webestica.com/assets/images/blog/big/02.jpg]
[wizixo.webestica.com/blog-classic.html]
[wizixo.webestica.com/assets/images/thumbnails/01.jpg]
[wizixo.webestica.com/assets/images/thumbnails/02.jpg]
[wizixo.webestica.com/assets/images/thumbnails/03.jpg]
[wizixo.webestica.com/blog-classic-left-sidebar.html]
[wizixo.webestica.com/blog-classic-right-sidebar.html]
[wizixo.webestica.com/assets/images/blog/grid/01.jpg]
[wizixo.webestica.com/assets/images/blog/grid/03.jpg]
[wizixo.webestica.com/assets/images/blog/grid/04.jpg]
[wizixo.webestica.com/assets/vendor/imagesloaded/imagesloaded.pkgd.min.da.delayed]
[wizixo.webestica.com/blog-grid-column-3.html]
[wizixo.webestica.com/assets/images/blog/grid/05.jpg]
[wizixo.webestica.com/assets/images/blog/grid/06.jpg]
[wizixo.webestica.com/blog-grid-column-4.html]
[wizixo.webestica.com/blog-grid-left-sidebar.html]
[wizixo.webestica.com/blog-grid-right-sidebar.html]
[wizixo.webestica.com/blog-minimal.html]
[wizixo.webestica.com/assets/images/blog/thumb-01.jpg]
[wizixo.webestica.com/blog-single-classic.html]
[wizixo.webestica.com/blog-single-minimal.html]
[wizixo.webestica.com/about-classic.html]
[wizixo.webestica.com/assets/images/bg/01.jpg]
[wizixo.webestica.com/assets/images/bg/03.jpg]
[wizixo.webestica.com/assets/vendor/jarallax/jarallax-video.min.js]
[wizixo.webestica.com/about-advance.html]
[wizixo.webestica.com/service.html]
[wizixo.webestica.com/assets/images/bg/08.jpg]
[wizixo.webestica.com/assets/images/team/05.jpg]
[wizixo.webestica.com/assets/images/team/06.jpg]
[wizixo.webestica.com/assets/images/team/07.jpg]
[wizixo.webestica.com/assets/images/team/08.jpg]
[wizixo.webestica.com/team.html]
[wizixo.webestica.com/careers.html]
[wizixo.webestica.com/careers-single.html]
[wizixo.webestica.com/password-recovery.html]
[wizixo.webestica.com/pricing.html]
[wizixo.webestica.com/timeline.html]
[wizixo.webestica.com/faq.html]
[wizixo.webestica.com/maintenance-mode.html]
[wizixo.webestica.com/error-404.html]
[wizixo.webestica.com/assets/vendor/sticky-js/sticky.min.js]
[wizixo.webestica.com/portfolio-grid-column-2.html]
[wizixo.webestica.com/portfolio-grid-column-3.html]
[wizixo.webestica.com/portfolio-grid-column-4.html]
[wizixo.webestica.com/portfolio-grid-column-5.html]
[wizixo.webestica.com/portfolio-grid-column-6.html]
[wizixo.webestica.com/assets/images/portfolio/big/01.jpg]
[wizixo.webestica.com/assets/images/portfolio/big/02.jpg]
[wizixo.webestica.com/assets/images/portfolio/big/03.jpg]
[wizixo.webestica.com/portfolio-single.html]
[wizixo.webestica.com/assets/images/portfolio/big/04.jpg]
[wizixo.webestica.com/portfolio-single-02.html]
[wizixo.webestica.com/portfolio-case-studies.html]
[wizixo.webestica.com/elements-accordion.html]
[wizixo.webestica.com/elements-action-box.html]
[wizixo.webestica.com/elements-alerts.html]
[wizixo.webestica.com/elements-animated-headlines.html]
[wizixo.webestica.com/elements-blockquote.html]
[wizixo.webestica.com/elements-buttons.html]
[wizixo.webestica.com/assets/images/clients/01-light.png]
[wizixo.webestica.com/assets/images/clients/02-light.png]
[wizixo.webestica.com/assets/images/clients/03-light.png]
[wizixo.webestica.com/assets/images/clients/04-light.png]
[wizixo.webestica.com/assets/images/clients/05-light.png]
[wizixo.webestica.com/assets/images/clients/06-light.png]
[wizixo.webestica.com/assets/images/clients/07-light.png]
[wizixo.webestica.com/assets/images/clients/08-light.png]
[wizixo.webestica.com/elements-clients.html]
[wizixo.webestica.com/elements-counter.html]
[wizixo.webestica.com/elements-divider.html]
[wizixo.webestica.com/elements-feature-box.html]
[wizixo.webestica.com/elements-forms.html]
[wizixo.webestica.com/elements-grid.html]
[wizixo.webestica.com/elements-list-styles.html]
[wizixo.webestica.com/elements-map.html]
[wizixo.webestica.com/elements-modal.html]
[wizixo.webestica.com/elements-skill.html]
[wizixo.webestica.com/elements-social-icon.html]
[wizixo.webestica.com/elements-tab.html]
[wizixo.webestica.com/elements-table.html]
[wizixo.webestica.com/elements-team.html]
[wizixo.webestica.com/elements-tiny-slider.html]
[wizixo.webestica.com/elements-typography.html]
[wizixo.webestica.com/elements-video.html]
[wizixo.webestica.com/assets/vendor/bootstrap/dist/js/bootstrap.bundle.min.js]
[wizixo.webestica.com/assets/vendor/aos/aos.js]
[wizixo.webestica.com/assets/vendor/glightbox/js/glightbox.js]
[wizixo.webestica.com/assets/vendor/tiny-slider/tiny-slider.js]
[wizixo.webestica.com/assets/js/functions.js]
[wizixo.webestica.com/dist/index.html]
[wizixo.webestica.com/assets/vendor/font-awesome/webfonts/fa-brands-400.svg]
[wizixo.webestica.com/assets/vendor/font-awesome/webfonts/fa-regular-400.svg]
[wizixo.webestica.com/video/index.html]
[wizixo.webestica.com/assets/vendor/font-awesome/webfonts/fa-solid-900.svg]
[wizixo.webestica.com/assets/vendor/themify-icons/fonts/themify9f24.svg]
[wizixo.webestica.com/index-11.html]
[wizixo.webestica.com/assets/images/logo-white.svg]
[wizixo.webestica.com/assets/vendor/purecounterjs/dist/purecounter_vanilla.js]
[wizixo.webestica.com/assets/vendor/isotope/isotope.pkgd.min.js]
[wizixo.webestica.com/assets/vendor/imagesLoaded/imagesloaded.js]
[wizixo.webestica.com/assets/vendor/ityped/index.js]
[wizixo.webestica.com/assets/vendor/jarallax/jarallax.min.js]
[wizixo.webestica.com/assets/images/icons/check-mark.svg]
[wizixo.webestica.com/assets/images/icons/editor.svg]
[wizixo.webestica.com/assets/images/icons/envelope.svg]
[wizixo.webestica.com/assets/images/icons/edit.svg]
[wizixo.webestica.com/documentation/assets/css/bootstrap.min.css]
[wizixo.webestica.com/documentation/assets/css/prism.css]
[wizixo.webestica.com/Edge/index.html]
[wizixo.webestica.com/Trident/index.html]
[wizixo.webestica.com/documentation/assets/images/empty.f3.delayed]
[wizixo.webestica.com/documentation/assets/css/styles.css]
[wizixo.webestica.com/documentation/index-2.html]
[wizixo.webestica.com/template/elements-tiny-slider.html]
[wizixo.webestica.com/documentation/assets/js/bootstrap.bundle.min.js]
[wizixo.webestica.com/documentation/assets/js/jquery-3.3.1.min.js]
[wizixo.webestica.com/documentation/assets/js/jquery.scrollTo.min.js]
[wizixo.webestica.com/documentation/assets/js/stickyfill.min.js]
[wizixo.webestica.com/documentation/assets/js/prism.js]
[wizixo.webestica.com/documentation/assets/js/main.js]
[wizixo.webestica.com/assets/vendor/imagesloaded/imagesloaded.pkgd.min.html]
[wizixo.webestica.com/GET]
[wizixo.webestica.com/assets/vendor/jarallax/jarallax-video.min.js]
[wizixo.webestica.com/assets/vendor/sticky-js/sticky.min.js]
[wizixo.webestica.com/dist/index.html]
[wizixo.webestica.com/video/index.html]
[wizixo.webestica.com/Trident/index.html]
[wizixo.webestica.com/Edge/index.html]
[wizixo.webestica.com/documentation/assets/images/empty.html]
[wizixo.webestica.com/GET.html]
